// Jest Snapshot v1, https://goo.gl/fbAQLP

exports[`renders empty given no tabs 1`] = `ShallowWrapper {}`;

exports[`shoud render without crashing 1`] = `ShallowWrapper {}`;
