// Jest Snapshot v1, https://goo.gl/fbAQLP

exports[`renders empty given no tabs 1`] = `ShallowWrapper {}`;
